REGISTER_HEAD=bf7a7a2f34dcb7e57edb0aa3f610132ab3f255d7 cars=63 13:54:44 load=6.00 12.81 46.88
=== 1. LIGHTING — REFREEZE (the composed tree):
LIGHTING_DOOR_EXIT=1
⎯⎯⎯⎯⎯⎯⎯ Failed Tests 1 ⎯⎯⎯⎯⎯⎯⎯
Error: census REFROZEN at bf7a7a2f34dcb7e57edb0aa3f610132ab3f255d7 by §931 long-tail landing at the composed consist (Fable 5.1 — validated): files 2563 -> 2
      Tests  1 failed | 33 passed (34)
{'files': 2572, 'parked': 377, 'credited': 2195, 'titles': 24309, 'suiteTitles': 6483, 'measuredAtSha': 'bf7a7a2f34dcb7e57edb0aa3f610132ab3f255d7'}
=== 1b. OSR — READ ONLY (predicted: exact, no drift):
OSR_DRY_EXIT=0 (must be 0)
observed-shape readers: 1972 finding(s), exactly matching the frozen inventory.
=== 2. MOUNTS BASELINE (predicted: no change):
MOUNTS_DOOR_EXIT=0
      Tests  29 passed (29)
=== 3. MUTATION MANIFEST — PLAIN (the union):
MANIFEST_PLAIN_EXIT=0 (must be 0)
      Tests  10 passed (10)
=== 4. WRITER-REACH dry, then --write (shrink-only):
WR_DRY_EXIT=0
WRWALKER HOLD — judged 6532 · LIT 560 · LIT-NAME 4647 · DARK 1325 (reviewable 525) · pending-surface debt: isolationSupport on settlement → web-display 
=== 5. TUNING — PLAIN walker (predicted green):
TUNING_PLAIN_EXIT=0 (must be 0)
      Tests  75 passed (75)
=== 6. PROSE-NUMERICS — PLAIN (predicted green):
PN_PLAIN_EXIT=0 (must be 0)
      Tests  29 passed (29)
=== 7. TEST RATCHET — PLAIN test (the --update run is the totals step):
RATCHET_TEST_EXIT=0
      Tests  94 passed (94)
REGISTER_PORCELAIN=[tests/lint/.lighting-census-baseline.json ]
NEXT: read each changed register; commit the register car by hand (Seat: Fable 5.1 — validated); then the ratchet --update under the quiet law, commit-totals, the capsule, the seal, the gate.
=== 8. WIRING CENSUS — dry (three lanes regenerated the stamp; the merge must be CURRENT) ===
  sections that would move: (none)
  stamped shas that would move: (none) · candidate leaves unmoved
  ROWS that would move: 0
WIRING_DRY_EXIT=0
 Test Files  1 passed (1)
      Tests  78 passed (78)
WIRING_WALKER_DONE
REGISTERS_931_DONE 13:59  up 2 days, 17:51, 1 user, load averages: 3.31 6.75 33.62 porcelain=[tests/lint/.lighting-census-baseline.json ]
