FULL start 21:24:15 tip=6582958ce base=38474a59e porcelain tip=0 base=0 load=3.30 3.26 3.17
FULL end 21:35:08 TRUE_EXIT=1 porcelain tip 0->0 base 0->0
--- TRUE_EXITS:
TRUE_EXIT_eager_stop=0
TRUE_EXIT_c_presence=0
TRUE_EXIT_d_census=0
TRUE_EXIT_e_rosters=0
TRUE_EXIT_f_birth=0
TRUE_EXIT_g_pulse=0
TRUE_EXIT_a_golden=1
TRUE_EXIT_b_certify=0
TRUE_EXIT_h_listing_base=0
TRUE_EXIT_h_listing_tip=0
--- golden:
TRUE_EXIT_golden_master=1
TRUE_EXIT_dormancy_tip=0
TRUE_EXIT_dormancy_base=0
TRUE_EXIT_dormancy_diff=0
--- certify:
TRUE_EXIT_seam=0
TRUE_EXIT_soak_dramatic_campaign=0
WALL_SECONDS_soak_dramatic_campaign=37
TRUE_EXIT_readback_dramatic_campaign=0
TRUE_EXIT_certify_dramatic_campaign=0
TRUE_EXIT_soak_full_simulation=0
WALL_SECONDS_soak_full_simulation=47
TRUE_EXIT_readback_full_simulation=0
TRUE_EXIT_certify_full_simulation=0
TRUE_EXIT_soak_living_realm=0
WALL_SECONDS_soak_living_realm=29
TRUE_EXIT_readback_living_realm=0
TRUE_EXIT_certify_living_realm=0
TRUE_EXIT_soak_narrative_campaign=0
WALL_SECONDS_soak_narrative_campaign=14
TRUE_EXIT_readback_narrative_campaign=0
TRUE_EXIT_certify_narrative_campaign=0
TRUE_EXIT_soak_quiet_local=0
WALL_SECONDS_soak_quiet_local=15
TRUE_EXIT_readback_quiet_local=0
TRUE_EXIT_certify_quiet_local=0
TRUE_EXIT_soak_realistic_regional=0
WALL_SECONDS_soak_realistic_regional=30
TRUE_EXIT_readback_realistic_regional=0
TRUE_EXIT_certify_realistic_regional=0
TRUE_EXIT_soak_static_campaign=0
WALL_SECONDS_soak_static_campaign=7
TRUE_EXIT_readback_static_campaign=0
TRUE_EXIT_certify_static_campaign=0
--- listing.base:
TRUE_EXIT_archive=0
TRUE_EXIT_build=0
TRUE_EXIT_measure=0
--- listing.tip:
TRUE_EXIT_archive=0
TRUE_EXIT_build=0
TRUE_EXIT_measure=0
FULL_DONE
