REGISTER_HEAD=864e76be9e893093f86f7ae9ca7ab75fa625d003 04:59:57
PREDICTIONS (E4, §910, re-derived at the dock tip in predict-910.log BEFORE this runs): lighting — titles 23662 -> 23665 (+3: the SOAK-HONEST-909 cars new it() titles in tests/soak-harness — two by cars 2 and 3, one by car 5, the ordered twin guard — read by the farmed probe in predict-910.log at 04:52), suiteTitles 6335 UNCHANGED, files 2543 / parked 373 / credited 2170 UNCHANGED (no new file); OSR plain read 1972 exact, 0 drift, NO write; mounts unchanged; prose-numerics 225 exact; writer-reach dry HOLD with no refusal — provenance-only refresh expected (as at §906 and §908); tuning plain green (the lifted constants keep their values)
registry: mounts 56 dark 15
--- lighting: probe vs register
  probe   : {"files":2543,"parked":373,"credited":2170,"titles":23665,"suiteTitles":6335}
  register: {"files": 2543, "parked": 373, "credited": 2170, "titles": 23662, "suiteTitles": 6335}
=== 1. LIGHTING (refuses a dirty tree — first):
LIGHTING_DOOR_EXIT=1 (non-zero EXPECTED)
LIGHTING_PLAIN_EXIT=0 (must be 0)
      Tests  34 passed (34)
REGISTER CAR 1 (lighting) -> 6906e1935
=== 1b. OSR — READ ONLY (predicted: exact match, no drift; a non-zero exit or a drift line is a STOP — the chair rules before any door):
OSR_DRY_EXIT=0 (must be 0)
observed-shape readers: 1972 finding(s), exactly matching the frozen inventory.
  drift lines (must be 0): 0
OSR_WALKER_PLAIN_EXIT=0 (must be 0)
      Tests  44 passed (44)
=== 2. MOUNTS BASELINE (predicted: no change):
MOUNTS_DOOR_EXIT=0
  changed (must be empty): []
=== 3. PROSE-NUMERICS re-key (dry, then --write; predicted 225 exact, nothing re-keyed):
PN_DRY_EXIT=0
baseline=225 live=225 parseErrors=0 · exact=225 rekeyed=0 relocated=0 FELL=0 NEW=0
PN_WRITE_EXIT=0
  written: 0 snippets re-keyed, 0 lines moved; 0 FELL rows left for review
=== 4. WRITER-REACH --write (shrink-only; predicted NO refresh, provenance only — the dry run decides):
WR_DRY_EXIT=0 (read the refusal text if any)
