baseline=225 live=225 parseErrors=0 · exact=195 rekeyed=0 relocated=26 FELL=4 NEW=4
  MOVE  src/components/new/SummaryTab.jsx:58→59 [floatInterpolation]
  MOVE  src/components/new/SummaryTab.jsx:58→59 [percentToken]
  MOVE  src/components/new/SummaryTab.jsx:73→74 [floatInterpolation]
  MOVE  src/components/new/SummaryTab.jsx:73→74 [percentToken]
  MOVE  src/components/new/tabs/DailyLifeTab.jsx:244→259 [floatInterpolation]
  MOVE  src/components/new/tabs/DefenseTab.jsx:294→424 [floatInterpolation]
  MOVE  src/components/new/tabs/EconomicsGlance.jsx:88→125 [floatInterpolation]
  MOVE  src/components/new/tabs/EconomicsGlance.jsx:99→136 [floatInterpolation]
  MOVE  src/components/new/tabs/EconomicsTab.jsx:190→195 [floatInterpolation]
  MOVE  src/components/new/tabs/EconomicsTab.jsx:190→195 [percentToken]
  MOVE  src/components/new/tabs/EconomicsTab.jsx:198→203 [floatInterpolation]
  MOVE  src/components/new/tabs/EconomicsTab.jsx:198→203 [percentToken]
  MOVE  src/components/new/tabs/EconomicsTab.jsx:466→497 [floatInterpolation]
  MOVE  src/components/new/tabs/EconomicsTab.jsx:466→497 [percentToken]
  MOVE  src/components/new/tabs/EconomicsTab.jsx:467→498 [multiplier]
  MOVE  src/components/new/tabs/EconomicsTab.jsx:468→499 [floatInterpolation]
  MOVE  src/components/new/tabs/EconomicsTab.jsx:468→499 [percentToken]
  MOVE  src/components/new/tabs/EconomicsTab.jsx:473→504 [floatInterpolation]
  MOVE  src/components/new/tabs/EconomicsTab.jsx:475→506 [floatInterpolation]
  MOVE  src/components/new/tabs/EconomicsTab.jsx:475→506 [percentToken]
  MOVE  src/components/new/tabs/EconomicsTab.jsx:476→507 [floatInterpolation]
  MOVE  src/components/new/tabs/EconomicsTab.jsx:476→507 [percentToken]
  MOVE  src/components/new/tabs/EconomicsTab.jsx:477→508 [floatInterpolation]
  MOVE  src/components/new/tabs/EconomicsTab.jsx:477→508 [percentToken]
  MOVE  src/components/new/tabs/EconomicsTab.jsx:637→687 [percentToken]
  MOVE  src/components/new/tabs/EconomicsTab.jsx:643→693 [percentToken]
  FELL  src/components/new/tabs/EconomicsTab.jsx:345 [floatInterpolation] {src.percentage}
  FELL  src/components/new/tabs/EconomicsTab.jsx:345 [percentToken] {src.percentage}
  FELL  src/components/new/tabs/EconomicsTab.jsx:347 [floatInterpolation] {src.percentage}
  FELL  src/components/new/tabs/EconomicsTab.jsx:347 [percentToken] {src.percentage}
  NEW   src/components/new/tabs/EconomicsTab.jsx:356 [floatInterpolation] {src.percentage}
  NEW   src/components/new/tabs/EconomicsTab.jsx:356 [percentToken] {src.percentage}
  NEW   src/components/new/tabs/EconomicsTab.jsx:358 [floatInterpolation] {src.percentage}
  NEW   src/components/new/tabs/EconomicsTab.jsx:358 [percentToken] {src.percentage}
