REGISTER_HEAD=e4ca5ec9d757216078327cc27a81a64bd9537510 12:28:16
PREDICTIONS (E4, §903, derived at 6ff3249b9 = fd36f0298 + the four L-DEFAULT cars): lighting — NO movement: the farmed probe at e4ca5ec9d reads files 2543 / parked 373 / credited 2170 / titles 23653 / suiteTitles 6333, identical to the register (the lane added no test file; four titles were renamed, none added); the door re-takes provenance only · OSR — the plain read exits 1 naming ONE execution input (src/domain/compendium/generated/compendiumData.generated.js, car 1c) and NO detector source: the shrink-only --write absorbs it; rows unchanged (81 discovered flags at base and tip, nothing minted or cleared), the inputs digest and frozenAtSha move; the walker's plain run must then exit 0 — TAKEN FIRST after the lighting car because the observed-shape register is a detector input of the writer-reach walker · mounts — NO movement (registry 56 mounts / 15 dark; the walker was green in the proof) · prose-numerics — nothing to re-key (dry: baseline=225 live=225 exact=225 rekeyed=0 relocated=0 FELL=0 NEW=0) · writer-reach — the dry run exits 0 with nothing STALE (judged 6532 · LIT 560 · LIT-NAME 4646 · DARK 1326); --write changes the detector digest and frozenAtSha only if the OSR re-freeze moved that input (expected: yes, provenance-only), identity set and every figure unchanged · tuning — NO movement (no tuning table touched; the walker was green in the proof) · wizard-news — nothing (green in the proof)
registry: mounts 56 dark 15
--- lighting: probe vs register
  probe   : {"files":2543,"parked":373,"credited":2170,"titles":23653,"suiteTitles":6333}
  register: {"files": 2543, "parked": 373, "credited": 2170, "titles": 23653, "suiteTitles": 6333}
=== 1. LIGHTING (refuses a dirty tree — first):
LIGHTING_DOOR_EXIT=1 (non-zero EXPECTED)
LIGHTING_PLAIN_EXIT=0 (must be 0)
      Tests  34 passed (34)
REGISTER CAR 1 (lighting) -> a7ca033a6
=== 1b. OSR --write (TAKEN BEFORE the other doors) (ACTIVE: the shrink-only re-freeze that absorbs the compendiumData.generated.js INPUT drift car 1c caused; detectorSources empty = the lawful class; the walker's own message names this cure):
OSR_DRY_EXIT=1 (expect 0: the CLI is open at rung 18)
observed-shape execution INPUT changed since the last re-freeze (1 path(s): src/domain/compendium/generated/compendiumData.generated.js). These are generated/da
OSR_WRITE_EXIT=0
observed-shape execution INPUT changed since the last re-freeze (1 path(s): src/domain/compendium/generated/compendiumData.generated.js). These are generated/da
froze 1972 finding(s) / 1397 identit(ies) across 386 file(s)
OSR_WALKER_PLAIN_EXIT=0 (must be 0 — the drift arm absorbed)
      Tests  44 passed (44)
=== 2. MOUNTS BASELINE:
MOUNTS_DOOR_EXIT=0
  changed: [scripts/.observed-shape-readers-baseline.json ]
=== 3. PROSE-NUMERICS re-key (dry, then --write):
