REGISTER_HEAD=d804420d707e0b801a5a874ffcd12de8d0596aa8 01:51:42
PREDICTIONS (E4, §908, re-derived at the dock tip in predict-908.log at 01:19 BEFORE this runs — the four CAP-TRIP cars edit tests/soak-harness/{tripwireRegistry,soakRegister}.test.js and tests/domain/demographicsEnvelope.test.js, adding it() cases and no file): lighting — titles 23660 -> 23662 (+2, the farmed probe read 23662), suiteTitles 6335 UNCHANGED, files 2543 / parked 373 / credited 2170 UNCHANGED (no new file); OSR plain read 1972 exact, 0 drift, NO write; mounts unchanged; prose-numerics 225 exact; writer-reach: no writer string changed — dry run decides (provenance-only refresh expected, as at §906); tuning plain green
registry: mounts 56 dark 15
--- lighting: probe vs register
  probe   : {"files":2543,"parked":373,"credited":2170,"titles":23662,"suiteTitles":6335}
  register: {"files": 2543, "parked": 373, "credited": 2170, "titles": 23660, "suiteTitles": 6335}
=== 1. LIGHTING (refuses a dirty tree — first):
LIGHTING_DOOR_EXIT=1 (non-zero EXPECTED)
LIGHTING_PLAIN_EXIT=0 (must be 0)
      Tests  34 passed (34)
REGISTER CAR 1 (lighting) -> 2e1bb6311
=== 1b. OSR — READ ONLY (predicted: exact match, no drift; a non-zero exit or a drift line is a STOP — the chair rules before any door):
OSR_DRY_EXIT=0 (must be 0)
observed-shape readers: 1972 finding(s), exactly matching the frozen inventory.
  drift lines (must be 0): 0
OSR_WALKER_PLAIN_EXIT=0 (must be 0)
      Tests  44 passed (44)
=== 2. MOUNTS BASELINE (predicted: no change):
MOUNTS_DOOR_EXIT=0
  changed (must be empty): []
=== 3. PROSE-NUMERICS re-key (dry, then --write; predicted 225 exact, nothing re-keyed):
PN_DRY_EXIT=0
baseline=225 live=225 parseErrors=0 · exact=225 rekeyed=0 relocated=0 FELL=0 NEW=0
PN_WRITE_EXIT=0
  written: 0 snippets re-keyed, 0 lines moved; 0 FELL rows left for review
=== 4. WRITER-REACH --write (shrink-only; predicted NO refresh, provenance only — the dry run decides):
WR_DRY_EXIT=0 (read the refusal text if any)
WRITER_REACH_WRITE_EXIT=0
writer-reach WRITE — cohort 1322 → 1322; 0 stale folded out; 0 registered rows now lit.
WRWALKER HOLD — judged 6532 · LIT 560 · LIT-NAME 4646 · DARK 1326 (reviewable 526) · pending-surface debt: isolationSupport on settlement → web-display (§12 WRW-2, the owner row that rules wh
WR_PLAIN_EXIT=0 (must be 0)
=== 5. TUNING INVENTORY — PLAIN walker only (predicted green; no door at this landing):
TUNING_PLAIN_EXIT=0 (must be 0)
      Tests  75 passed (75)
=== 6. WIZARD-NEWS: nothing predicted (green in the proof); the hand re-sign is NOT run.
REGISTER_PORCELAIN=[scripts/.writer-reach-baseline.json ]
NEXT: review each changed register against PREDICTIONS (expected: ONLY scripts/.writer-reach-baseline.json, provenance fields); commit register car 2 by hand; then the ratchet (run-ratchet-908.sh), after-ratchet-908.sh <2489> <3>, the kit re-stamp, texts-908, payload, run-gate-908.sh, after-cas-908.sh, collect.
