REGISTER_HEAD=89ff7b03b7b16a0892800969c421aa1b6957cdea 18:26:56
PREDICTIONS (E4, §904, derived at c2337220a in predict-904.log, re-asserted for the chair car which touches src/lib/flagRegistry.js, src/lib/flags.js and two docs — no test, no writer string, no tuning table, no mount): lighting — NO movement: the farmed probe reads files 2543 / parked 373 / credited 2170 / titles 23653 / suiteTitles 6333 identical to the register (two titles RENAMED by L-UI-MAT, none added); the door re-takes provenance only · OSR — the plain read exits 0 'exactly matching the frozen inventory' (1972 findings) with NO input-drift line; NO --write; the walker's plain run exits 0 · mounts — NO movement (the door's porcelain must be EMPTY; a change is a STOP) · prose-numerics — nothing to re-key (dry: baseline=225 live=225 exact=225 rekeyed=0 relocated=0 FELL=0 NEW=0) · writer-reach — the dry run exits 0 with nothing STALE (judged 6532 · LIT 560 · LIT-NAME 4646 · DARK 1326); --write moves provenance (frozenAtSha / digests) only, identity set and every figure unchanged · tuning — NO movement (plain walker green; no door) · wizard-news — nothing (green in the proof)
registry: mounts 56 dark 15
--- lighting: probe vs register
  probe   : {"files":2543,"parked":373,"credited":2170,"titles":23653,"suiteTitles":6333}
  register: {"files": 2543, "parked": 373, "credited": 2170, "titles": 23653, "suiteTitles": 6333}
=== 1. LIGHTING (refuses a dirty tree — first):
LIGHTING_DOOR_EXIT=1 (non-zero EXPECTED)
LIGHTING_PLAIN_EXIT=0 (must be 0)
      Tests  34 passed (34)
REGISTER CAR 1 (lighting) -> 21b95511f
=== 1b. OSR — READ ONLY (predicted: exact match, no drift; a non-zero exit or a drift line is a STOP — the chair rules before any door):
OSR_DRY_EXIT=0 (must be 0)
observed-shape readers: 1972 finding(s), exactly matching the frozen inventory.
  drift lines (must be 0): 0
OSR_WALKER_PLAIN_EXIT=0 (must be 0)
      Tests  44 passed (44)
=== 2. MOUNTS BASELINE (predicted: no change):
MOUNTS_DOOR_EXIT=0
  changed (must be empty): []
=== 3. PROSE-NUMERICS re-key (dry, then --write; predicted 225 exact, nothing re-keyed):
PN_DRY_EXIT=0
baseline=225 live=225 parseErrors=0 · exact=225 rekeyed=0 relocated=0 FELL=0 NEW=0
PN_WRITE_EXIT=0
  written: 0 snippets re-keyed, 0 lines moved; 0 FELL rows left for review
=== 4. WRITER-REACH --write (shrink-only; predicted NO refresh, provenance only — the dry run decides):
WR_DRY_EXIT=0 (read the refusal text if any)
WRITER_REACH_WRITE_EXIT=0
writer-reach WRITE — cohort 1322 → 1322; 0 stale folded out; 0 registered rows now lit.
WRWALKER HOLD — judged 6532 · LIT 560 · LIT-NAME 4646 · DARK 1326 (reviewable 526) · pending-surface debt: isolationSupport on settlement → web-display (§12 WRW-2, the owner row that rules wh
WR_PLAIN_EXIT=0 (must be 0)
=== 5. TUNING INVENTORY — PLAIN walker only (predicted green; no door at this landing):
TUNING_PLAIN_EXIT=0 (must be 0)
      Tests  75 passed (75)
=== 6. WIZARD-NEWS: nothing predicted (green in the proof); the hand re-sign is NOT run.
REGISTER_PORCELAIN=[scripts/.writer-reach-baseline.json ]
NEXT: review each changed register against PREDICTIONS (expected: ONLY scripts/.writer-reach-baseline.json, provenance fields); commit register car 2 by hand; then the ratchet (run-ratchet-904.sh), after-ratchet-904.sh <2489> <3>, the kit re-stamp, texts-904, payload, run-gate-904.sh, after-cas-904.sh, collect.
