REGISTER_HEAD=e47974d84649cb248c4e1b9008b9cbef404f4af7 21:45:01
PREDICTIONS (E4, §913 second pass): lighting — NO movement (car 12 touched src/domain/density/densityCreateBoundary.js only; no test file; titles 23707 / files 2545 / credited 2172 / suiteTitles 6342 unchanged — the plain walker is the receipt); OSR — exact match, 0 drift (a string rewrite adds no reader); mounts — no change; prose-numerics — 225 exact, but a snippet keyed inside densityCreateBoundary.js MAY relocate by line (the dry run decides; relocations are a re-key, never a FELL); writer-reach — provenance only (frozenAtSha 62f201796 -> HEAD; cohort 1322 -> 1322); tuning — plain green.
=== 1. LIGHTING — PLAIN walker only (must be green; no door):
LIGHTING_PLAIN_EXIT=0 (must be 0)
      Tests  34 passed (34)
=== 1b. OSR — READ ONLY (predicted: exact match, no drift):
OSR_DRY_EXIT=0 (must be 0)
observed-shape readers: 1972 finding(s), exactly matching the frozen inventory.
  drift lines (must be 0): 0
=== 2. MOUNTS BASELINE (predicted: no change):
MOUNTS_DOOR_EXIT=0
  changed (must be empty): []
=== 3. PROSE-NUMERICS re-key (dry, then --write):
PN_DRY_EXIT=0
baseline=225 live=225 parseErrors=0 · exact=225 rekeyed=0 relocated=0 FELL=0 NEW=0
PN_WRITE_EXIT=0
  written: 0 snippets re-keyed, 0 lines moved; 0 FELL rows left for review
=== 4. WRITER-REACH --write (shrink-only; provenance only — the dry run decides):
WR_DRY_EXIT=0 (read the refusal text if any)
WRITER_REACH_WRITE_EXIT=0
writer-reach WRITE — cohort 1322 → 1322; 0 stale folded out; 0 registered rows now lit.
WRWALKER HOLD — judged 6532 · LIT 560 · LIT-NAME 4646 · DARK 1326 (reviewable 526) · pending-surface debt: isolationSupport on settlement → web-display (§12 WRW-2, the owner row that rules wh
WR_PLAIN_EXIT=0 (must be 0)
=== 5. TUNING INVENTORY — PLAIN walker only (predicted green):
TUNING_PLAIN_EXIT=0 (must be 0)
      Tests  75 passed (75)
REGISTER_PORCELAIN=[scripts/.writer-reach-baseline.json ]
NEXT: review each changed register against PREDICTIONS; commit the register car by hand; then fill run-ratchet-913.sh's PREDICTED, run it, grep for a HELD line, after-ratchet-913.sh 2491 3.
