REGISTER_HEAD=2865da54f7067c78357873f02d3101964c30f927 03:26:22
PREDICTIONS (E4, §914): lighting — NO movement: the register (files 2551 · parked 375 · credited 2176 · titles 23779 · suiteTitles 6361, measuredAtSha b2d617611) already equals the farmed probe at 983a37f26 (predict-914.log 02:42); the plain walker is the receipt. OSR — exact 1972, 0 drift (predict-914.log). mounts — no change (the island mounts nothing). prose-numerics — 225 exact, nothing re-keyed (predict-914.log). writer-reach — provenance only: frozenAtSha e47974d84 -> HEAD; cohort 1322 -> 1322; scan statistics unmoved (the ten island modules have no product importer — fold-2 H4, 56 passed against the unchanged baseline at the source tip). tuning — plain green, no door.
=== 1. LIGHTING — PLAIN walker only (must be green; no door):
LIGHTING_PLAIN_EXIT=0 (must be 0)
      Tests  34 passed (34)
=== 1b. OSR — READ ONLY (predicted: exact match, no drift):
OSR_DRY_EXIT=0 (must be 0)
observed-shape readers: 1972 finding(s), exactly matching the frozen inventory.
  drift lines (must be 0): 0
=== 2. MOUNTS BASELINE (predicted: no change):
MOUNTS_DOOR_EXIT=0
  changed (must be empty): []
=== 3. PROSE-NUMERICS re-key (dry, then --write):
PN_DRY_EXIT=0
baseline=225 live=225 parseErrors=0 · exact=225 rekeyed=0 relocated=0 FELL=0 NEW=0
PN_WRITE_EXIT=0
  written: 0 snippets re-keyed, 0 lines moved; 0 FELL rows left for review
=== 4. WRITER-REACH --write (shrink-only; provenance only — the dry run decides):
WR_DRY_EXIT=0 (read the refusal text if any)
WRITER_REACH_WRITE_EXIT=0
writer-reach WRITE — cohort 1322 → 1322; 0 stale folded out; 0 registered rows now lit.
WRWALKER HOLD — judged 6532 · LIT 560 · LIT-NAME 4646 · DARK 1326 (reviewable 526) · pending-surface debt: isolationSupport on settlement → web-display (§12 WRW-2, the owner row that rules wh
WR_PLAIN_EXIT=0 (must be 0)
=== 5. TUNING INVENTORY — PLAIN walker only (predicted green):
TUNING_PLAIN_EXIT=0 (must be 0)
      Tests  75 passed (75)
REGISTER_PORCELAIN=[scripts/.writer-reach-baseline.json ]
NEXT: review each changed register against PREDICTIONS; commit the register car by hand; then fill run-ratchet-914.sh's PREDICTED, run it, grep for a HELD line, after-ratchet-914.sh 2491 3.
