REGISTER_HEAD=1f89c5d2b6641871404dad5ee5d31e2e4f7a7370 10:29:30
PREDICTIONS (E4, §915): lighting — NO movement: the register (files 2553 · parked 375 · credited 2178 · titles 23843 · suiteTitles 6377, measuredAtSha 40dbcfc66 — car 4b refroze it) equals the farmed probe at 1f89c5d2b (predict-915.log 09:47 read 23841 before car 4 added two titles); the plain walker is the receipt. OSR — exact 1972, 0 drift. mounts — no change (the train mounts nothing). prose-numerics — 225 exact. writer-reach — provenance only: frozenAtSha 2865da54f -> HEAD (1f89c5d2b); cohort 1322 -> 1322; the train adds no product importer (the census island and scripts/, docs/, tests/ only). tuning — plain green.
=== 1. LIGHTING — PLAIN walker only (must be green; no door):
LIGHTING_PLAIN_EXIT=0 (must be 0)
      Tests  34 passed (34)
=== 1b. OSR — READ ONLY (predicted: exact match, no drift):
OSR_DRY_EXIT=0 (must be 0)
observed-shape readers: 1972 finding(s), exactly matching the frozen inventory.
  drift lines (must be 0): 0
=== 2. MOUNTS BASELINE (predicted: no change):
MOUNTS_DOOR_EXIT=0
  changed (must be empty): []
=== 3. PROSE-NUMERICS re-key (dry, then --write):
PN_DRY_EXIT=0
baseline=225 live=225 parseErrors=0 · exact=225 rekeyed=0 relocated=0 FELL=0 NEW=0
PN_WRITE_EXIT=0
  written: 0 snippets re-keyed, 0 lines moved; 0 FELL rows left for review
=== 4. WRITER-REACH --write (shrink-only; provenance only — the dry run decides):
WR_DRY_EXIT=0 (read the refusal text if any)
WRITER_REACH_WRITE_EXIT=0
writer-reach WRITE — cohort 1322 → 1322; 0 stale folded out; 0 registered rows now lit.
WRWALKER HOLD — judged 6532 · LIT 560 · LIT-NAME 4646 · DARK 1326 (reviewable 526) · pending-surface debt: isolationSupport on settlement → web-display (§12 WRW-2, the owner row that rules wh
WR_PLAIN_EXIT=0 (must be 0)
=== 5. TUNING INVENTORY — PLAIN walker only (predicted green):
TUNING_PLAIN_EXIT=0 (must be 0)
      Tests  75 passed (75)
REGISTER_PORCELAIN=[scripts/.writer-reach-baseline.json ]
NEXT: review each changed register against PREDICTIONS; commit the register car by hand; then fill run-ratchet-915.sh's PREDICTED, run it, grep for a HELD line, after-ratchet-915.sh 2491 3.
