REGISTER_HEAD=a75faa3a74b47431d1ad6939b0baeee95a9eeb8a 20:34:53
PREDICTIONS (E4, §913): lighting — files 2543 -> 2545 (+2: tests/domain/livingContentLawWiring.test.js, tests/security/livingContentRosterPublicDrop.test.js), credited 2170 -> 2172 (+2, the same two), parked 373 unchanged, titles 23665 -> 23707 (+42: the six L-MAT cars' +28 — wiring +10, portability +9, publicDrop +6, accountImportSlice +3 — plus +14 from the three L-MAT-FIX cars' arms in the same files; the walker file 14 -> 14), suiteTitles 6335 -> 6342 (+7: +4 from the L-MAT cars, +3 from the fix cars) — every figure read off the farmed probe in predict-913.log at 19:29 BEFORE the door (the 6-car read of 11:52 predicted +28/+4; the fix cars moved it to +42/+7); OSR: 1972 findings exactly matching the frozen inventory, NO write; mounts: no change; prose-numerics: 225 exact, nothing re-keyed; writer-reach: provenance-only re-take (WR_DRY_EXIT 0, the HOLD is the standing pending-surface debt); tuning: plain walker green, no door; negative-assertion frozen row accountImportSlice.test.js 9 unchanged (the lane measured zero new scanned negative sites)
registry: mounts 56 dark 15
--- lighting: probe vs register
  probe   : {"files":2545,"parked":373,"credited":2172,"titles":23707,"suiteTitles":6342}
  register: {"files": 2543, "parked": 373, "credited": 2170, "titles": 23665, "suiteTitles": 6335}
=== 1. LIGHTING (refuses a dirty tree — first):
LIGHTING_DOOR_EXIT=1 (non-zero EXPECTED)
LIGHTING_PLAIN_EXIT=0 (must be 0)
      Tests  34 passed (34)
REGISTER CAR 1 (lighting) -> 62f201796
=== 1b. OSR — READ ONLY (predicted: exact match, no drift; a non-zero exit or a drift line is a STOP — the chair rules before any door):
OSR_DRY_EXIT=0 (must be 0)
observed-shape readers: 1972 finding(s), exactly matching the frozen inventory.
  drift lines (must be 0): 0
OSR_WALKER_PLAIN_EXIT=0 (must be 0)
      Tests  44 passed (44)
=== 2. MOUNTS BASELINE (predicted: no change):
MOUNTS_DOOR_EXIT=0
  changed (must be empty): []
=== 3. PROSE-NUMERICS re-key (dry, then --write; predicted 225 exact, nothing re-keyed):
PN_DRY_EXIT=0
baseline=225 live=225 parseErrors=0 · exact=225 rekeyed=0 relocated=0 FELL=0 NEW=0
PN_WRITE_EXIT=0
  written: 0 snippets re-keyed, 0 lines moved; 0 FELL rows left for review
=== 4. WRITER-REACH --write (shrink-only; predicted NO refresh, provenance only — the dry run decides):
WR_DRY_EXIT=0 (read the refusal text if any)
WRITER_REACH_WRITE_EXIT=0
writer-reach WRITE — cohort 1322 → 1322; 0 stale folded out; 0 registered rows now lit.
WRWALKER HOLD — judged 6532 · LIT 560 · LIT-NAME 4646 · DARK 1326 (reviewable 526) · pending-surface debt: isolationSupport on settlement → web-display (§12 WRW-2, the owner row that rules wh
WR_PLAIN_EXIT=0 (must be 0)
=== 5. TUNING INVENTORY — PLAIN walker only (predicted green; no door at this landing):
TUNING_PLAIN_EXIT=0 (must be 0)
      Tests  75 passed (75)
=== 6. WIZARD-NEWS: nothing predicted (green in the proof); the hand re-sign is NOT run.
REGISTER_PORCELAIN=[scripts/.writer-reach-baseline.json ]
NEXT: review each changed register against PREDICTIONS (expected: ONLY scripts/.writer-reach-baseline.json, provenance fields); commit register car 2 by hand; then the ratchet (run-ratchet-913.sh), after-ratchet-913.sh <2489> <3>, the kit re-stamp, texts-913, payload, run-gate-913.sh, after-cas-913.sh, collect.
