prosperityHeader   n=20 distinctRENDERED=15 distinctFRAME=3
prosperityRung     n=20 distinctRENDERED=8 distinctFRAME=3
foodTile           n=0 distinctRENDERED=0 distinctFRAME=0
granaryTile        n=0 distinctRENDERED=0 distinctFRAME=0
foodSecurity       n=20 distinctRENDERED=15 distinctFRAME=3

TOTALS sampled=60 renderedDistinct=38 frameDistinct=9
repeatShare as the certification instrument measures it (rendered): 0.3667
repeatShare a reader actually experiences (frames):               0.8500
CEILING = 0.75

--- prosperityHeader, all 20 towns ---
Ashford        The accounts here balance on a thin margin. Nothing in them is failing; nothing in them is spare either.
Brackwater     Brackwater manages. The mixed crafts covers what the town needs and leaves a little over, and the little over is what the year gets argued about.
Coldmere       There is nothing striking about Coldmere's condition in either direction — a working the road, a working market, a town neither building nor selling off.
Dunhollow      There is nothing striking about Dunhollow's condition in either direction — a working the road, a working market, a town neither building nor selling off.
Eastgate       There is nothing striking about Eastgate's condition in either direction — a working the road, a working market, a town neither building nor selling off.
Fernwick       The accounts here balance on a thin margin. Nothing in them is failing; nothing in them is spare either.
Greyford       The accounts here balance on a thin margin. Nothing in them is failing; nothing in them is spare either.
Harrowdown     There is nothing striking about Harrowdown's condition in either direction — a working the road, a working market, a town neither building nor selling off.
Ilminster      There is nothing striking about Ilminster's condition in either direction — a working the road, a working market, a town neither building nor selling off.
Jarrow         Jarrow manages. The mixed crafts covers what the town needs and leaves a little over, and the little over is what the year gets argued about.
Kestrel Fen    The accounts here balance on a thin margin. Nothing in them is failing; nothing in them is spare either.
Longbarrow     There is nothing striking about Longbarrow's condition in either direction — a working the road, a working market, a town neither building nor selling off.
Marchford      There is nothing striking about Marchford's condition in either direction — a working the road, a working market, a town neither building nor selling off.
Netherbourne   The accounts here balance on a thin margin. Nothing in them is failing; nothing in them is spare either.
Oakhurst       There is nothing striking about Oakhurst's condition in either direction — a working the road, a working market, a town neither building nor selling off.
Pellworth      The accounts here balance on a thin margin. Nothing in them is failing; nothing in them is spare either.
Quarryhill     There is nothing striking about Quarryhill's condition in either direction — a working the road, a working market, a town neither building nor selling off.
Ravensmoor     There is nothing striking about Ravensmoor's condition in either direction — a working the road, a working market, a town neither building nor selling off.
Stonebridge    Stonebridge manages. The mixed crafts covers what the town needs and leaves a little over, and the little over is what the year gets argued about.
Thornwall      Thornwall manages. The mixed crafts covers what the town needs and leaves a little over, and the little over is what the year gets argued about.
