// Vitest Snapshot v1, https://vitest.dev/guide/snapshot.html

exports[`pdf.6 — golden snapshot of the SHARED_FIELDS canon values > canon values for the fixed seed are golden (review any change, do not auto-update) 1`] = `
{
  "defense.readinessLabel": "Defensible",
  "defense.scoreAvg": 60,
  "food.deficit (lb/day)": 0,
  "food.deficitPct (residual deficit ÷ daily need)": 0,
  "food.surplus (lb/day)": 5449,
  "headcounts.factions": 6,
  "headcounts.institutions": 54,
  "headcounts.npcs": 11,
  "prosperity.label": "Prosperous",
  "safety.label": "Moderate",
  "topExport.label": "Salted fish",
}
`;
