── THE NO-DRIFT TRACE TABLE · 40 op classes over 3225 lines of renderFolio.mjs

  #     trace                      class
  0     corpus                     PAPER, then THE AGED GROUND (chair directive). Flat wash patches at low
  1     ftg+corpus                 THE OPEN FIELDS (§16) — STRIPS THAT TILE, not patches that float. Batched 
  2     corpus                     TERRACE LINES on the strips that needed them (§161b's visible work in the
  3     watabou+corpus             THE RELIEF PASS (§9.5b) — the land drawn in the era's own marks. All LINES
  4     watabou+ftg                TREES — batched into one path of small circles drawn as arc pairs.
  4b    DRIFT                      ⭐⭐ §12.3 THE WALK-SCALE RINGS, over the countryside and UNDER the town — a
        ⚠ DRIFT · NO reference draws a walking-time ring. It is an immersion device of ours; §12.3 owns it. Lawful under L-REG-4 only with this justification on the record, and it is a NAMED CANDIDATE for the register's first subtraction if the judging round finds it reads as an overlay rather than as plate furniture.
  4c    DRIFT                      ⭐ §12.5 THE COUNTRYSIDE EVENT MARKS. A dated stone or a camp ground, in ca
        ⚠ DRIFT · a dated stone or camp ground marking a real event has no analogue in a fixed picture — this is the truth layer becoming ink, and it is the engine's differentiator rather than a borrowing. Register-side it must READ as period map furniture; that is the judging question, not whether it traces.
  5     watabou+ftg+corpus         THE WATER BODY (§5.0b at its mode, §9.5b's "a fjord town must LOOK like a 
  6     corpus                     THE URBAN GROUND (§181.3a — AND IT IS NO LONGER THE STREET TONE).
  6c    corpus                     §250.5 · THE FILLED-DITCH GARDENS — a curving ribbon of long narrow plots
  7     watabou+ftg                THE STREET WEB (§181.3a) — SIX RANKS OF CARRIAGEWAY, DRAWN AS THE PALE GRO
  8     watabou+corpus             SQUARES — holes in the fabric, inked (§160.2's "the market quarter needs i
  8r    watabou+ftg+corpus         REG-4 · **THE MARKET IS ONE GIANT STREET** (L-REG-6). SUPERSEDES the pass 
  8x    corpus                     THE MARKET-INFILL FOSSILS (hf259's ENCROACHMENT ISLANDS). CONSUMED, never
  8f    corpus                     THE V-B13 FURNITURE (ODQ §629.1), AS PLAN GLYPHS (hf342 is explicitly
  9     watabou                    THE BLOCK GROUND IS GONE, AND ITS ABSENCE IS THE POINT (§181.3a).
  10    corpus                     YARDS — open ground behind the street range, one batched path.
  11    watabou+ftg+corpus         THE FABRIC — every building INKED at fabric weight (§9.1, the chair's targ
  11a   corpus                     ⭐⭐⭐ GAP-D / T-07 / T-08 · THE TWO-TIER STROKE AND THE PLOT SERIES.
  11b   ftg+corpus                 ⭐⭐ §16.5 THE COUNTRYSIDE'S OWN DWELLINGS and §5.0e THE FAUBOURG.
  11r   corpus+ftg                 REG-4 · **THE FAUBOURG'S TYPED ORIGIN, MADE VISIBLE** (L-REG-3).
  11c   corpus                     ⭐⭐⭐ THE ACCESSIBLE LENS'S REAL HATCH GEOMETRY (TC29's §0.0 resolution: "an
  12r   corpus                     ⭐⭐⭐ **THE PLAN-VIEW ROOF LAW (hf208-spec-roof-ticks, the REQUIRED-DETAIL A
  12    corpus                     ROOF-RIDGE TICKS — the interior detail line that turns a filled quad into 
  13    watabou+ftg+corpus         LANDMARKS — §6 archetypes at HEAVIER ink with interior detail lines (ridge
  13p   corpus                     ⭐⭐ THE PRECINCT VOIDS — hf323's bounded open ground round every rung above
  12x   corpus                     ⭐⭐⭐ V-QUAY · THE WATERFRONT DETAIL REGISTER (chair-minted, ODQ §636.2).
  13b   corpus                     §161b THE VISIBLE WORK — the strain the §5.-1c solver recorded, drawn at
  14    corpus                     TERRACES — §161b's visible work, drawn INSIDE the town on the ground that
  14b   watabou+ftg+corpus         ⭐⭐ THE BRIDGES (§2.3, chair directive §195.1). A street that crosses the w
  14c   DRIFT                      ⭐⭐⭐ REG-BRIDGE · THE FORDS (§637.2's mirror law, ODQ §641.5).
        ⚠ DRIFT · THE MARKS TRACE AND THE SUBJECT DOES NOT, AND THIS ROW RECORDS THE SPLIT RATHER THAN RESOLVING IT IN THE CLASS'S FAVOUR. Every stroke is a borrowed corpus stroke: the dashed margin is the plate idiom this same file already uses for a bound that is CROSSED RATHER THAN BUILT (15c's sanctuary/liberty bound, the wall ditch, 8x's dashed RETREAT GHOST), and the transverse bed bars are 12x's pierDeckEdge pile row (hf322) turned across the way. But NO VIEWED PLATE DRAWS A FORD. That is not taken on the section's own word: docs/DESIGN_REGISTER_PROGRAM.md carries ford only in LAW rows (L-REG-31 "fords exempt", L-REG-32 "Fords mirror: wide shallow reaches") and holds no hf-anchor for one. So not one mark here is cited IN ITS ROLE — this is a COMPOSITION of corpus marks onto a subject the register never showed, and at the level L-REG-4 actually asks about (which reference does THIS MARK, IN THIS ROLE, descend from) that is traceable-to-none. Calling it 'corpus' because its strokes are corpus strokes is exactly how a novel visual language would launder itself past this instrument, one well-meant flourish at a time. WHY IT IS NONETHELESS LAWFUL RATHER THAN A MISS: §648.1 is the chair's ruling already on record — "FORD GLYPH HELD — the lane's own THIN flag confirmed by eye (an unanchored blob-chain); the ARM seals dormant-provable, the GLYPH re-cuts once in REG-6's dress pass bound to period convention (road narrows through the water + transverse ripple dashes; no ring, no dot-chain)." The drift is known, dated, convicted by the chair's own eye and already scheduled for cure; it is not an accumulation. ⭐ THE ROW IS SELF-RETIRING AND THAT IS THE POINT: when REG-6's re-cut lands bound to period convention the row flips to a traced corpus row, and if the re-cut does NOT land the row keeps printing its ⚠ DRIFT line on every run — the ratchet doing the job §574 built it for. ⚠ IT IS A KIND-2 DRIFT, NOT A KIND-1: 4b/4c/15b are the truth layer becoming ink and are INCURABLE BY LOOKING, whereas a ford is an ordinary permanent place-fact a period plate could perfectly well draw — the gap is in OUR VIEWED REGISTER, not in the reference class. The STRUCTURE is not a borrowing either and is named rather than passed over: §637.2's mirror law (a bridge takes the narrows, a ford the wide shallow reach) is the engine's own siting law and its legibility gift — a reader who sees a solid at a pinch reads BRIDGE, dashes at a broad reach read FORD, with no legend needed. §648.1 banked the identity that makes the class small: all 17 ford records sit at distance 0.00 on the bridges' own channels, 15 are lawfully exempt as already decked, and 2 actually draw.
  15    watabou+corpus             WALLS — the heaviest ink on the page, tower dots, gate BREAKS and piers.
  15r   watabou+corpus             **THE RAMPART (ODQ §590/§598, owner-approved as drawn).** Armed only; with
  15a   corpus                     §250.5 · THE FOSSILS OF A SUPERSEDED CIRCUIT. Drawn AFTER the standing wal
  15b   DRIFT                      ⭐⭐ §10 THE STATE EXPRESSIONS, in CALM INK. Drawn after the wall because a 
        ⚠ DRIFT · a besieger's camp, a barred gate, a lazar house beyond the last of them: these draw a settlement's CURRENT CONDITION, which a fixed picture has no way to express. The truth layer again. Justification: it is the §10 catalogue rendered in calm ink at plate weight, deliberately NOT a game overlay — the register test is whether a reader takes it for a surveyor's note.
  15c   corpus                     ⭐⭐ §18.1 THE SANCTUARY / LIBERTY BOUND. A light dashed line round the prec
  16    ftg+corpus                 WARD LABELS ARE NO LONGER DRAWN HERE (§173, MF-B6). Every letter on this l
  17    corpus                     THE FOLIO CHROME — cartouche + compass.
  18    corpus                     ⭐⭐ THE IN-WORLD LEGEND (§12.7, and the chair's §195.2 disposal).
  19    corpus+ftg                 ⭐⭐⭐ §173 THE LETTERING SPLICE — a SEPARATE STAGE OVER THE FINISHED DRAW LI

  traced=36  driftJustified=4  UNTRACED MISSES=0  staleRows=0
  by reference: watabou=12  ftg=12  corpus=33  DRIFT=4
  emitted <g id> groups (NOT the roster): precincts, yards, fabric, landmarks, fords, legend
  B.flush ids in source: fields, squares
I8_PASS
