#ctl-1 PASS(mechanical) DS-DEF-1 :: readiness WEAK [unfolding]
    · CONTRAST WAIVED by the refuter: refuter, ill-1: "widening" names neither readiness STRONG/ADEQUATE/CRITICAL nor terrain/strategic value — no sibling key or band names the rejected alternative (A8).  (sibling bands: readiness STRONG | readiness ADEQUATE | readiness CRITICAL)
    · A11 SPREAD (sentences, pool "readiness WEAK" DS-DEF-1, angles ledger/visitor/unfolding): 2/1/2 → 2/1/2
#ctl-2 PASS(mechanical) DS-DEF-1 :: terrain EXPOSED [visitor]
    · A11 SPREAD (sentences, pool "terrain EXPOSED" DS-DEF-1, angles visitor/ledger/street): 2/2/1 → 2/2/1
#ctl-3 PASS(mechanical) DS-DEF-1 :: readiness ADEQUATE [street]
    · A11 SPREAD (sentences, pool "readiness ADEQUATE" DS-DEF-1, angles ledger/visitor/street/threshold): 2/1/1/2 → 2/1/2/2
    · A11 PRE-EXISTING shared opener in this pool (a debt this pair neither causes nor cures): "{} is" (ledger + threshold)
#ctl-4 PASS(mechanical) DS-DEF-2 :: Invasion & War: walls AND professional garrison [ledger]
    · A11 SPREAD (sentences, pool "Invasion & War: walls AND professional garrison" DS-DEF-2, angles ledger/visitor/street): 1/1/1 → 2/1/1
#ctl-5 PASS(mechanical) DS-DEF-1 :: terrain EXPOSED [street]
    · A11 SPREAD (sentences, pool "terrain EXPOSED" DS-DEF-1, angles visitor/ledger/street): 2/2/1 → 2/2/1
#ctl-6 PASS(mechanical) CAUSAL :: * [visitor]
    · MARKS ["receiving"]
    · R4-BAND n/a: the located pool has NO sibling bands — a contrast may be cut here (A8)
    · A11 SPREAD (sentences, pool "*" CAUSAL, angles street/ledger/visitor/street/counterforce/counterforce): 1/1/1/1/1/1 → 1/1/1/1/1/1
    · A11 PRE-EXISTING shared opener in this pool (a debt this pair neither causes nor cures): "{} at" (street + counterforce)
#ctl-7 FAIL DS-DEF-1 :: terrain EXPOSED [ledger]
    - A11 SHARED OPENER CREATED: the AFTER now opens "the town", matching street in the same pool (the BEFORE opened "the site")
    · A11 SPREAD (sentences, pool "terrain EXPOSED" DS-DEF-1, angles visitor/ledger/street): 2/2/1 → 2/2/1
#ctl-8 WITHHELD(R4-BAND) DS-DEF-1 :: strategic value LOW [counterforce]
    ! R4-BAND: a contrast was cut in a pool with sibling bands "strategic value HIGH"; the band half is the refuter's — mechanical PASS withheld
    !   R4-BAND-TEXT: the cut alternative names a word of a sibling band's own TEXT — "readiness ADEQUATE" [visitor] shares walls
    · A11 SPREAD (sentences, pool "strategic value LOW" DS-DEF-1, angles counterforce/ledger/street): 1/2/1 → 1/2/1

corpus loaded: 2734 variants in 1020 pools; 6 pass mechanically, 1 WITHHELD (R4-BAND — the band half is the refuter's, not a FAIL), 1 fail (a mechanical pass is NOT a claim-preservation verdict — that is the refuter's job)
