consist before=a5876c0ea dock lane-LT37-quality tip=aab26d4aa base=f73bdbf16
--- lane-LT37-quality (8 cars) ---
  ok  2dac045b5 LT37 car 1: reconcile A_PLUS_ROADMAP's item-#37 sections to the measured
  ok  b54a510dc LT37 car 2: the gallery-publish E2E journey — row 13's one genuinely m
  ok  4612ced3e LT37 car 3: Track J part 1 — the AI overlay output-eval corpus, scored
  ok* aaefb480c LT37 census bill: re-freeze the lighting census after car 3's new test f   [conflict on: tests/lint/.lighting-census-baseline.json — incoming copy taken; re-frozen at the register step]
  ok  ed5b90064 LT37 car 4: Track J part 2 STOPS on its own hard stop — the drift sign
  ok  32eefe9cf LT37 car 5: the third food-deficit surface — MEASURED, the divergence 
  ok  cc5c74db2 LT37 census bill: re-freeze the lighting census after car 5's four new t
  ok  aab26d4aa LT37 car 6: pdf.7's structural half — the parity SOURCE probe register
CONSIST_TIP=315080928 cars=75 porcelain=0
--- trailers:
trees+dates identical: YES
seat census over the new cars:    8 1 
--- three-way byte check (base f73bdbf16 / ours a5876c0ea / theirs aab26d4aa):
OK   docs/A_PLUS_ROADMAP.md
OK   docs/implementation/LT37-dailylife-food-deficit-cure.md
OK   e2e/flow-g-gallery-publish.spec.js
OK   src/domain/fieldManifest.js
OK   tests/domain/aiOverlayEvalFixtures.test.js
OK   tests/fixtures/ai-overlay-eval-corpus.json
OK   tests/joins/fieldManifest.test.js
DIFF tests/lint/.lighting-census-baseline.json (merge rc=1; head==theirs: yes)
OK   tests/pdf/screenParitySource.test.js
CONSIST_TIP=315080928 cars=8 porcelain=0
