/Users/cstokes/Library/Python/3.9/lib/python/site-packages/urllib3/__init__.py:35: NotOpenSSLWarning: urllib3 v2 only supports OpenSSL 1.1.1+, currently the 'ssl' module is compiled with 'LibreSSL 2.8.3'. See: https://github.com/urllib3/urllib3/issues/3020
  warnings.warn(
Deprecated Feature: Support for Python version 3.9 has been deprecated. Please update to Python 3.10 or above
[youtube] Extracting URL: https://www.youtube.com/watch?v=z1TgX0alFuM
[youtube] z1TgX0alFuM: Downloading webpage
[youtube] z1TgX0alFuM: Downloading android player API JSON
WARNING: [youtube] z1TgX0alFuM: android client https formats require a GVS PO Token which was not provided. They will be skipped as they may yield HTTP Error 403. You can manually pass a GVS PO Token for this client with --extractor-args "youtube:po_token=android.gvs+XXX". For more information, refer to  https://github.com/yt-dlp/yt-dlp/wiki/PO-Token-Guide
[info] z1TgX0alFuM: Downloading subtitles: en, en-orig
[info] z1TgX0alFuM: Downloading 1 format(s): 18
[info] Writing video subtitles to: tl2021.en.vtt
WARNING: The extractor specified to use impersonation for this download, but no impersonate target is available. If you encounter errors, then see  https://github.com/yt-dlp/yt-dlp#impersonation  for information on installing the required dependencies
ERROR: Unable to download video subtitles for 'en': HTTP Error 429: Too Many Requests
/Users/cstokes/Library/Python/3.9/lib/python/site-packages/urllib3/__init__.py:35: NotOpenSSLWarning: urllib3 v2 only supports OpenSSL 1.1.1+, currently the 'ssl' module is compiled with 'LibreSSL 2.8.3'. See: https://github.com/urllib3/urllib3/issues/3020
  warnings.warn(
Deprecated Feature: Support for Python version 3.9 has been deprecated. Please update to Python 3.10 or above
[youtube] Extracting URL: https://www.youtube.com/watch?v=z1TgX0alFuM
[youtube] z1TgX0alFuM: Downloading webpage
[youtube] z1TgX0alFuM: Downloading ios player API JSON
WARNING: [youtube] z1TgX0alFuM: ios client https formats require a GVS PO Token which was not provided. They will be skipped as they may yield HTTP Error 403. You can manually pass a GVS PO Token for this client with --extractor-args "youtube:po_token=ios.gvs+XXX". For more information, refer to  https://github.com/yt-dlp/yt-dlp/wiki/PO-Token-Guide
[info] z1TgX0alFuM: Downloading subtitles: en, en-orig
WARNING: Only images are available for download. use --list-formats to see them
ERROR: [youtube] z1TgX0alFuM: Requested format is not available. Use --list-formats for a list of available formats
/Users/cstokes/Library/Python/3.9/lib/python/site-packages/urllib3/__init__.py:35: NotOpenSSLWarning: urllib3 v2 only supports OpenSSL 1.1.1+, currently the 'ssl' module is compiled with 'LibreSSL 2.8.3'. See: https://github.com/urllib3/urllib3/issues/3020
  warnings.warn(
Deprecated Feature: Support for Python version 3.9 has been deprecated. Please update to Python 3.10 or above
[youtube] Extracting URL: https://www.youtube.com/watch?v=z1TgX0alFuM
[youtube] z1TgX0alFuM: Downloading webpage
[youtube] z1TgX0alFuM: Downloading tv simply player API JSON
ERROR: [youtube] z1TgX0alFuM: The page needs to be reloaded.
/Users/cstokes/Library/Python/3.9/lib/python/site-packages/urllib3/__init__.py:35: NotOpenSSLWarning: urllib3 v2 only supports OpenSSL 1.1.1+, currently the 'ssl' module is compiled with 'LibreSSL 2.8.3'. See: https://github.com/urllib3/urllib3/issues/3020
  warnings.warn(
Deprecated Feature: Support for Python version 3.9 has been deprecated. Please update to Python 3.10 or above
[youtube] Extracting URL: https://www.youtube.com/watch?v=z1TgX0alFuM
[youtube] z1TgX0alFuM: Downloading webpage
[youtube] z1TgX0alFuM: Downloading web embedded client config
[youtube] z1TgX0alFuM: Downloading web embedded player API JSON
ERROR: [youtube] z1TgX0alFuM: This video is unavailable
/Users/cstokes/Library/Python/3.9/lib/python/site-packages/urllib3/__init__.py:35: NotOpenSSLWarning: urllib3 v2 only supports OpenSSL 1.1.1+, currently the 'ssl' module is compiled with 'LibreSSL 2.8.3'. See: https://github.com/urllib3/urllib3/issues/3020
  warnings.warn(
Deprecated Feature: Support for Python version 3.9 has been deprecated. Please update to Python 3.10 or above
[youtube] Extracting URL: https://www.youtube.com/watch?v=z1TgX0alFuM
[youtube] z1TgX0alFuM: Downloading webpage
[youtube] z1TgX0alFuM: Downloading android player API JSON
WARNING: [youtube] z1TgX0alFuM: android client https formats require a GVS PO Token which was not provided. They will be skipped as they may yield HTTP Error 403. You can manually pass a GVS PO Token for this client with --extractor-args "youtube:po_token=android.gvs+XXX". For more information, refer to  https://github.com/yt-dlp/yt-dlp/wiki/PO-Token-Guide
[info] z1TgX0alFuM: Downloading subtitles: en, en-orig
[info] z1TgX0alFuM: Downloading 1 format(s): 18
[info] Writing video subtitles to: tl2021.en.vtt
WARNING: The extractor specified to use impersonation for this download, but no impersonate target is available. If you encounter errors, then see  https://github.com/yt-dlp/yt-dlp#impersonation  for information on installing the required dependencies
ERROR: Unable to download video subtitles for 'en': HTTP Error 429: Too Many Requests
/Users/cstokes/Library/Python/3.9/lib/python/site-packages/urllib3/__init__.py:35: NotOpenSSLWarning: urllib3 v2 only supports OpenSSL 1.1.1+, currently the 'ssl' module is compiled with 'LibreSSL 2.8.3'. See: https://github.com/urllib3/urllib3/issues/3020
  warnings.warn(
Deprecated Feature: Support for Python version 3.9 has been deprecated. Please update to Python 3.10 or above
[youtube] Extracting URL: https://www.youtube.com/watch?v=z1TgX0alFuM
[youtube] z1TgX0alFuM: Downloading webpage
[youtube] z1TgX0alFuM: Downloading ios player API JSON
WARNING: [youtube] z1TgX0alFuM: ios client https formats require a GVS PO Token which was not provided. They will be skipped as they may yield HTTP Error 403. You can manually pass a GVS PO Token for this client with --extractor-args "youtube:po_token=ios.gvs+XXX". For more information, refer to  https://github.com/yt-dlp/yt-dlp/wiki/PO-Token-Guide
[info] z1TgX0alFuM: Downloading subtitles: en, en-orig
WARNING: Only images are available for download. use --list-formats to see them
ERROR: [youtube] z1TgX0alFuM: Requested format is not available. Use --list-formats for a list of available formats
/Users/cstokes/Library/Python/3.9/lib/python/site-packages/urllib3/__init__.py:35: NotOpenSSLWarning: urllib3 v2 only supports OpenSSL 1.1.1+, currently the 'ssl' module is compiled with 'LibreSSL 2.8.3'. See: https://github.com/urllib3/urllib3/issues/3020
  warnings.warn(
Deprecated Feature: Support for Python version 3.9 has been deprecated. Please update to Python 3.10 or above
[youtube] Extracting URL: https://www.youtube.com/watch?v=z1TgX0alFuM
[youtube] z1TgX0alFuM: Downloading webpage
[youtube] z1TgX0alFuM: Downloading tv simply player API JSON
ERROR: [youtube] z1TgX0alFuM: The page needs to be reloaded.
/Users/cstokes/Library/Python/3.9/lib/python/site-packages/urllib3/__init__.py:35: NotOpenSSLWarning: urllib3 v2 only supports OpenSSL 1.1.1+, currently the 'ssl' module is compiled with 'LibreSSL 2.8.3'. See: https://github.com/urllib3/urllib3/issues/3020
  warnings.warn(
Deprecated Feature: Support for Python version 3.9 has been deprecated. Please update to Python 3.10 or above
[youtube] Extracting URL: https://www.youtube.com/watch?v=z1TgX0alFuM
[youtube] z1TgX0alFuM: Downloading webpage
[youtube] z1TgX0alFuM: Downloading web embedded client config
[youtube] z1TgX0alFuM: Downloading web embedded player API JSON
ERROR: [youtube] z1TgX0alFuM: This video is unavailable
/Users/cstokes/Library/Python/3.9/lib/python/site-packages/urllib3/__init__.py:35: NotOpenSSLWarning: urllib3 v2 only supports OpenSSL 1.1.1+, currently the 'ssl' module is compiled with 'LibreSSL 2.8.3'. See: https://github.com/urllib3/urllib3/issues/3020
  warnings.warn(
Deprecated Feature: Support for Python version 3.9 has been deprecated. Please update to Python 3.10 or above
[youtube] Extracting URL: https://www.youtube.com/watch?v=z1TgX0alFuM
[youtube] z1TgX0alFuM: Downloading webpage
[youtube] z1TgX0alFuM: Downloading android player API JSON
WARNING: [youtube] z1TgX0alFuM: android client https formats require a GVS PO Token which was not provided. They will be skipped as they may yield HTTP Error 403. You can manually pass a GVS PO Token for this client with --extractor-args "youtube:po_token=android.gvs+XXX". For more information, refer to  https://github.com/yt-dlp/yt-dlp/wiki/PO-Token-Guide
[info] z1TgX0alFuM: Downloading subtitles: en, en-orig
[info] z1TgX0alFuM: Downloading 1 format(s): 18
[info] Writing video subtitles to: tl2021.en.vtt
WARNING: The extractor specified to use impersonation for this download, but no impersonate target is available. If you encounter errors, then see  https://github.com/yt-dlp/yt-dlp#impersonation  for information on installing the required dependencies
ERROR: Unable to download video subtitles for 'en': HTTP Error 429: Too Many Requests
/Users/cstokes/Library/Python/3.9/lib/python/site-packages/urllib3/__init__.py:35: NotOpenSSLWarning: urllib3 v2 only supports OpenSSL 1.1.1+, currently the 'ssl' module is compiled with 'LibreSSL 2.8.3'. See: https://github.com/urllib3/urllib3/issues/3020
  warnings.warn(
Deprecated Feature: Support for Python version 3.9 has been deprecated. Please update to Python 3.10 or above
[youtube] Extracting URL: https://www.youtube.com/watch?v=z1TgX0alFuM
[youtube] z1TgX0alFuM: Downloading webpage
[youtube] z1TgX0alFuM: Downloading ios player API JSON
WARNING: [youtube] z1TgX0alFuM: ios client https formats require a GVS PO Token which was not provided. They will be skipped as they may yield HTTP Error 403. You can manually pass a GVS PO Token for this client with --extractor-args "youtube:po_token=ios.gvs+XXX". For more information, refer to  https://github.com/yt-dlp/yt-dlp/wiki/PO-Token-Guide
[info] z1TgX0alFuM: Downloading subtitles: en, en-orig
WARNING: Only images are available for download. use --list-formats to see them
ERROR: [youtube] z1TgX0alFuM: Requested format is not available. Use --list-formats for a list of available formats
/Users/cstokes/Library/Python/3.9/lib/python/site-packages/urllib3/__init__.py:35: NotOpenSSLWarning: urllib3 v2 only supports OpenSSL 1.1.1+, currently the 'ssl' module is compiled with 'LibreSSL 2.8.3'. See: https://github.com/urllib3/urllib3/issues/3020
  warnings.warn(
Deprecated Feature: Support for Python version 3.9 has been deprecated. Please update to Python 3.10 or above
[youtube] Extracting URL: https://www.youtube.com/watch?v=z1TgX0alFuM
[youtube] z1TgX0alFuM: Downloading webpage
[youtube] z1TgX0alFuM: Downloading tv simply player API JSON
ERROR: [youtube] z1TgX0alFuM: The page needs to be reloaded.
/Users/cstokes/Library/Python/3.9/lib/python/site-packages/urllib3/__init__.py:35: NotOpenSSLWarning: urllib3 v2 only supports OpenSSL 1.1.1+, currently the 'ssl' module is compiled with 'LibreSSL 2.8.3'. See: https://github.com/urllib3/urllib3/issues/3020
  warnings.warn(
Deprecated Feature: Support for Python version 3.9 has been deprecated. Please update to Python 3.10 or above
[youtube] Extracting URL: https://www.youtube.com/watch?v=z1TgX0alFuM
[youtube] z1TgX0alFuM: Downloading webpage
[youtube] z1TgX0alFuM: Downloading web embedded client config
[youtube] z1TgX0alFuM: Downloading web embedded player API JSON
ERROR: [youtube] z1TgX0alFuM: This video is unavailable
/Users/cstokes/Library/Python/3.9/lib/python/site-packages/urllib3/__init__.py:35: NotOpenSSLWarning: urllib3 v2 only supports OpenSSL 1.1.1+, currently the 'ssl' module is compiled with 'LibreSSL 2.8.3'. See: https://github.com/urllib3/urllib3/issues/3020
  warnings.warn(
Deprecated Feature: Support for Python version 3.9 has been deprecated. Please update to Python 3.10 or above
[youtube] Extracting URL: https://www.youtube.com/watch?v=z1TgX0alFuM
[youtube] z1TgX0alFuM: Downloading webpage
[youtube] z1TgX0alFuM: Downloading android player API JSON
WARNING: [youtube] z1TgX0alFuM: android client https formats require a GVS PO Token which was not provided. They will be skipped as they may yield HTTP Error 403. You can manually pass a GVS PO Token for this client with --extractor-args "youtube:po_token=android.gvs+XXX". For more information, refer to  https://github.com/yt-dlp/yt-dlp/wiki/PO-Token-Guide
[info] z1TgX0alFuM: Downloading subtitles: en, en-orig
[info] z1TgX0alFuM: Downloading 1 format(s): 18
[info] Writing video subtitles to: tl2021.en.vtt
WARNING: The extractor specified to use impersonation for this download, but no impersonate target is available. If you encounter errors, then see  https://github.com/yt-dlp/yt-dlp#impersonation  for information on installing the required dependencies
ERROR: Unable to download video subtitles for 'en': HTTP Error 429: Too Many Requests
/Users/cstokes/Library/Python/3.9/lib/python/site-packages/urllib3/__init__.py:35: NotOpenSSLWarning: urllib3 v2 only supports OpenSSL 1.1.1+, currently the 'ssl' module is compiled with 'LibreSSL 2.8.3'. See: https://github.com/urllib3/urllib3/issues/3020
  warnings.warn(
Deprecated Feature: Support for Python version 3.9 has been deprecated. Please update to Python 3.10 or above
[youtube] Extracting URL: https://www.youtube.com/watch?v=z1TgX0alFuM
[youtube] z1TgX0alFuM: Downloading webpage
[youtube] z1TgX0alFuM: Downloading ios player API JSON
WARNING: [youtube] z1TgX0alFuM: ios client https formats require a GVS PO Token which was not provided. They will be skipped as they may yield HTTP Error 403. You can manually pass a GVS PO Token for this client with --extractor-args "youtube:po_token=ios.gvs+XXX". For more information, refer to  https://github.com/yt-dlp/yt-dlp/wiki/PO-Token-Guide
[info] z1TgX0alFuM: Downloading subtitles: en, en-orig
WARNING: Only images are available for download. use --list-formats to see them
ERROR: [youtube] z1TgX0alFuM: Requested format is not available. Use --list-formats for a list of available formats
/Users/cstokes/Library/Python/3.9/lib/python/site-packages/urllib3/__init__.py:35: NotOpenSSLWarning: urllib3 v2 only supports OpenSSL 1.1.1+, currently the 'ssl' module is compiled with 'LibreSSL 2.8.3'. See: https://github.com/urllib3/urllib3/issues/3020
  warnings.warn(
Deprecated Feature: Support for Python version 3.9 has been deprecated. Please update to Python 3.10 or above
[youtube] Extracting URL: https://www.youtube.com/watch?v=z1TgX0alFuM
[youtube] z1TgX0alFuM: Downloading webpage
[youtube] z1TgX0alFuM: Downloading tv simply player API JSON
ERROR: [youtube] z1TgX0alFuM: The page needs to be reloaded.
/Users/cstokes/Library/Python/3.9/lib/python/site-packages/urllib3/__init__.py:35: NotOpenSSLWarning: urllib3 v2 only supports OpenSSL 1.1.1+, currently the 'ssl' module is compiled with 'LibreSSL 2.8.3'. See: https://github.com/urllib3/urllib3/issues/3020
  warnings.warn(
Deprecated Feature: Support for Python version 3.9 has been deprecated. Please update to Python 3.10 or above
[youtube] Extracting URL: https://www.youtube.com/watch?v=z1TgX0alFuM
[youtube] z1TgX0alFuM: Downloading webpage
[youtube] z1TgX0alFuM: Downloading web embedded client config
[youtube] z1TgX0alFuM: Downloading web embedded player API JSON
ERROR: [youtube] z1TgX0alFuM: This video is unavailable
