── THE FIRST-PAINT CLOSURE ───────────────────────────
     5349     2605     2237   content-identity-CFIG6Vg0.js
   114865    33963    28103   data-DuZw95wO.js
   126461    40464    34507   engine-core-XHMkqsoo.js
   570296   180108   148886   index-B4_qfDfz.js
    10457     4264     3773   kernel-CznyAwqE.js
     4228     1756     1575   vendor-icons-BhnrOqvz.js
   193156    60438    52140   vendor-react-BQxSgP9l.js
    17310     7224     6534   vendor-state-CBu5u-4u.js
ENTRY index-B4_qfDfz.js
CLOSURE files 8 · raw 1042122 / 1048000 (margin 5878) · gzip 330822 / 337000 (margin 6178) · brotli 277755 / 283000 (margin 5245)

── THE data-lazy CHUNKS ──────────────────────────────
   939520   271305   data-lazy-pqPyi0JA.js
data-lazy chunks 1 · raw 939520 · gzip 271305 · ratio 3.4630
eager data chunks: data-DuZw95wO.js, data-lazy-pqPyi0JA.js

── PROSE LEAF MEMBERSHIP (fingerprint derived from the leaf source) ──
src/data/dossierStateProse/defense.generated.js
    fp(184B) "The town does not spend much time thinking about being attacke…"
    carriers: data-lazy-pqPyi0JA.js · in-closure: none
src/data/dossierStateProse/economy.generated.js
    fp(189B) "No good is scarce enough or heavy enough to move its price, so…"
    carriers: data-lazy-pqPyi0JA.js · in-closure: none
src/data/dossierStateProse/general.generated.js
    fp(161B) "The town has gained a large share of itself in a short stretch…"
    carriers: data-lazy-pqPyi0JA.js · in-closure: none
src/data/dossierStateProse/power.generated.js
    fp(136B) "The town does not wait long for an answer and does not always …"
    carriers: data-lazy-pqPyi0JA.js · in-closure: none
src/data/dossierStateProse/stressors.generated.js
    fp(168B) "The challenge to the seat comes from the observances. Sanctuar…"
    carriers: data-lazy-pqPyi0JA.js · in-closure: none
src/data/dossierStateProse/warFaith.generated.js
    fp(160B) "Two creeds occupy the same ground here: the same temper, the s…"
    carriers: data-lazy-pqPyi0JA.js · in-closure: none
src/data/dossierCausalProse.generated.js
    fp(231B) "The town goes on living beside both families: the sweep caught…"
    carriers: NONE · in-closure: none
