ALIAS DRAFT · ARCH car 0f · SITTING §O.2 · MEASURED, NOTHING RATIFIED, NO LEAF WRITTEN
  endpoints 89 · desk read roots 85 (15 excluded as the instrument's own table labels) · read paths 153
  candidate rows 33 · endpoints with at least one candidate 14 · with none 75
  by evidence: docblock 26 · generator-write 4 · identifier 3
  RELATION ROWS THAT WOULD JOIN under this draft: 4 of 165 · by direction a->b 4
  RELATION ROWS THAT WOULD JOIN under the RATIFIED rows only (SITTING §P.2-27, the three identifier rows): 0 — the four above rest on evidence the sitting WITHDREW
  (the shipped join, unchanged and unratified: STRICT 0)
    WOULD JOIN  consequence (a) condition:famine -> system:food_security
    WOULD JOIN  consequence (a) condition:famine -> system:public_legitimacy
    WOULD JOIN  consequence (a) condition:boom -> system:public_legitimacy
    WOULD JOIN  consequence (b) signal:occupied -> cause:occupation
  ── the draft, the forty strongest candidates ─────────────────────
    cause:occupation                           -> war                        identifier       war.occupation
    economicGates.military                     -> settlement.defenseProfile  identifier       settlement.defenseProfile.economicGates.military
    system:food_security                       -> eco                        identifier       eco.foodSecurity.stockpile
    economicGates.disaster                     -> stress                     generator-write  src/generators/history/historyEventStrands.js:42
    economicGates.military                     -> settlement.config          generator-write  src/generators/npc/factionLeaderSecret.js:56
    economicGates.military                     -> stress                     generator-write  src/generators/npcGenerator.js:169
    system:food_security                       -> settlement.config          generator-write  src/generators/defenseGenerator.js:552
    cause:occupation                           -> reading                    docblock         src/domain/display/stateProse/warFaithStateProse.js:192
    cause:occupation                           -> stress                     docblock         src/domain/display/stateProse/generalStateProse.js:1016
    cause:occupation                           -> warBeat                    docblock         src/domain/display/stateProse/warFaithStateProse.js:463
    condition:boom                             -> events                     docblock         src/domain/display/stateProse/generalStateProse.js:1010
    condition:famine                           -> row                        docblock         src/domain/display/stateProse/defenseStateProse.js:349
    condition:siege                            -> warBeat                    docblock         src/domain/display/stateProse/warFaithStateProse.js:463
    condition:war_exhaustion                   -> ledger                     docblock         src/domain/display/stateProse/warFaithStateProse.js:214
    condition:war_exhaustion                   -> reading                    docblock         src/domain/display/stateProse/warFaithStateProse.js:214
    economicGates.economic                     -> name                       docblock         src/domain/display/stateProse/generalStateProse.js:486
    economicGates.economic                     -> row                        docblock         src/domain/display/stateProse/defenseStateProse.js:334
    economicGates.economic                     -> score                      docblock         src/domain/display/stateProse/defenseStateProse.js:334
    economicGates.economic                     -> settlement.config          docblock         src/domain/display/stateProse/defenseStateProse.js:9
    economicGates.economic                     -> settlement.defenseProfile  docblock         src/domain/display/stateProse/defenseStateProse.js:9
    economicGates.economic                     -> stress                     docblock         src/domain/display/stateProse/generalStateProse.js:773
    economicGates.internal                     -> court                      docblock         src/domain/display/stateProse/defenseStateProse.js:321
    economicGates.internal                     -> row                        docblock         src/domain/display/stateProse/defenseStateProse.js:321
    economicGates.monster                      -> readings.tier              docblock         src/domain/display/stateProse/defenseStateProse.js:421
    economicGates.monster                      -> settlement.tier            docblock         src/domain/display/stateProse/defenseStateProse.js:421
    signal:occupied                            -> stress                     docblock         src/domain/display/stateProse/generalStateProse.js:1016
    signal:occupied                            -> war                        docblock         src/domain/display/stateProse/warFaithStateProse.js:183
    system:defense_readiness                   -> score                      docblock         src/domain/display/stateProse/defenseStateProse.js:1441
    system:food_security                       -> blockaded                  docblock         src/domain/display/stateProse/defenseStateProse.js:1264
    system:public_legitimacy                   -> breakdown                  docblock         src/domain/display/stateProse/powerStateProse.js:405
    system:public_legitimacy                   -> legitimacy                 docblock         src/domain/display/stateProse/powerStateProse.js:7
    system:public_legitimacy                   -> power                      docblock         src/domain/display/stateProse/powerStateProse.js:7
    system:public_legitimacy                   -> reading                    docblock         src/domain/display/stateProse/powerStateProse.js:843
  ── endpoints with NO candidate: the wiring debt the SEAM and WAVE trains inherit ──
    cause:captured · cause:chain-starved · cause:clergy-scandal
    cause:conduct-drift · cause:conversion-pressure · cause:depleted
    cause:garrison-drained · cause:levied-away · cause:scandal
    cause:secularization · cause:siege-scarred · cause:trade-strangled
    cause:underfunded · condition:alliance_burden · condition:army_deployed
    condition:cold_war_sanctions · condition:corruption_exposed · condition:coup_suppressed
    condition:custom_crisis · condition:dominant_npc_removed · condition:faction_challenge
    condition:flourishing · condition:food_anchor_lost · condition:government_overthrown
    condition:magical_instability · condition:occupation_burden · condition:occupation_lifted
    condition:occupation_resistance · condition:plague · condition:rebellion
    condition:reconstruction · condition:regional_authority_instability · condition:regional_conflict_pressure
    condition:regional_criminal_pressure · condition:regional_export_market_loss · condition:regional_import_shortage
    condition:regional_information_shock · condition:regional_migration_pressure · condition:regional_protection_gap
    condition:regional_religious_pressure · condition:regional_route_disruption · condition:regional_service_disruption
    condition:regional_tax_revenue_disruption · condition:reinforcement_cost · condition:relief_burden
    condition:siege_lifted · condition:stressor_residual · condition:trade_embargo
    condition:trade_realignment · condition:trade_route_cut · condition:vassal_extraction
    condition:vassal_trade_coercion · condition:war_drain · condition:war_mobilization
    condition:war_pressure · signal:captureState · signal:clergyRevealedTaint
    signal:corruptingDeity · signal:deployed · signal:revealedInstitutions
    signal:rivalCult · src/generators/defenseGenerator.js::econOutput · src/generators/defenseGenerator.js::economyOutput
    src/generators/defenseGenerator.js::instFlags · system:criminal_opportunity · system:economic_capacity
    system:faction_power · system:healing_capacity · system:housing_pressure
    system:labor_capacity · system:magical_stability · system:religious_authority
    system:ruling_authority · system:social_trust · system:trade_connectivity
