towns 525 · rows 1050 · cells 73284 · 10 s
unresolved 0 · ambiguous 0 · drawDisagrees 5966
CELLS WITH index < 0 or null: 0
DOSSIER_MOUNTS distinct mounts 56 · recorded 42 · ABSENT 14
  ABSENT defense.criminalStructure  (blocks DS-DEF-4)
  ABSENT economics.tradeFlow  (blocks DS-ECO-3)
  ABSENT faith.creedStanding  (blocks DS-FTH-3)
  ABSENT faith.nicheRow  (blocks DS-FTH-3)
  ABSENT faith.patronSeat  (blocks DS-FTH-1)
  ABSENT overview.populationDirection  (blocks DS-POP-3)
  ABSENT overview.steadings  (blocks DS-GEN-8)
  ABSENT overview.stressorLifecycle  (blocks DS-STR-2)
  ABSENT plot_hooks.framing  (blocks DS-HK-1)
  ABSENT power.factionLadder  (blocks DS-POW-3)
  ABSENT relationships.network  (blocks DS-REL-1)
  ABSENT war.dormantNote  (blocks DS-WAR-3)
  ABSENT war.standing  (blocks DS-WAR-1)
  ABSENT war.treaties  (blocks DS-WAR-2)
recorded keys not in the registry (a block with no registry mount): 0 
positions 36660 · DIVERGENT 345 over pools 2 · dm-only positions 36 · player-only 0 · mixed pools 12
  divergent pool: DS-ECO-6 :: TIER: minor shadow activity (≥3) (mixed? true)
  divergent pool: DS-POW-1 :: governanceFractured true (mixed? true)
  dm-only positions sit on pools: DS-POW-6 :: capture pressure ADVANCING (weak security, poor prosperity)
