 ❯ tests/lint/proseWiringCensus.walker.test.js:1035:8
    1033|     expect(readFileSync(join(ROOT, 'src/domain/fieldManifest.js'), 'ut…
    1034|       'and the estate had spelled this cure by hand for the same field…
    1035|       .toContain('blockadeBypass\\s*,');
       |        ^
    1036|     const { produced } = producerIndex();
    1037|     for (const key of ['blackMarketCapture', 'blockadeBypass', 'promin…

⎯⎯⎯⎯⎯⎯⎯⎯⎯⎯⎯⎯⎯⎯⎯⎯⎯⎯⎯⎯⎯⎯⎯⎯[1/2]⎯

 FAIL  tests/lint/proseWiringCensus.walker.test.js > car 0 — the RATE corpus, its per-tier arm and the occurrence bound > ⭐ each per-tier silence is LAWFUL or MISSING-AT-TIER, and the second joins the tier table
AssertionError: MISSING-AT-TIER rows on a rung whose LAWFUL limb is unreachable: expected 12 to be 11 // Object.is equality

- Expected
+ Received

- 11
+ 12

 ❯ tests/lint/proseWiringCensus.walker.test.js:1555:98
    1553|     }
    1554|     const singlePool = missing.filter((r) => poolsPerRung.get(r.rung) …
    1555|     expect(singlePool.length, 'MISSING-AT-TIER rows on a rung whose LA…
       |                                                                                                  ^
    1556|     expect(singlePool.filter((r) => !r.splitLadder).length,
    1557|       'of which this many are beyond the twelve already declared').toB…

⎯⎯⎯⎯⎯⎯⎯⎯⎯⎯⎯⎯⎯⎯⎯⎯⎯⎯⎯⎯⎯⎯⎯⎯[2/2]⎯


 Test Files  1 failed (1)
      Tests  2 failed | 55 passed (57)
   Start at  09:22:00
   Duration  5.34s (transform 1.47s, setup 23ms, import 3.41s, tests 1.82s, environment 0ms)

