    964|       .toBe(false);
       |        ^
    965|     // AND THE PAIRED NEGATIVE, so the arm is not simply reading two d…
    966|     // audience twice is byte-identical, or the difference above would…

⎯⎯⎯⎯⎯⎯⎯⎯⎯⎯⎯⎯⎯⎯⎯⎯⎯⎯⎯⎯⎯⎯⎯⎯[1/3]⎯

 FAIL  tests/lint/proseWiringCensus.walker.test.js > MEASURE car 3 — the desk-read recipe, the absence readers and the `sites` column > a REFUSAL GUARD is not a default, and a SHORTHAND write is not un-produced
AssertionError: LIVENESS ANCHOR [the `||` alone is not the finding; the operand is]: the before-collection must already contain the member the operation is supposed to remove. It does not — so the "it is gone afterwards" assertion below would pass vacuously. Either the producer stopped emitting this member (a real regression) or the fixture no longer exercises the path.: expected [ 'default' ] to include [ 'measured' ]
 ❯ expectPresentThenAbsent tests/helpers/anchoredNegatives.js:90:5
     88|     + ` assertion below would pass vacuously. Either the producer stop…
     89|     + ` member (a real regression) or the fixture no longer exercises …
     90|   ).toContain(member);
       |     ^
     91|   expect(
     92|     after,
 ❯ tests/lint/proseWiringCensus.walker.test.js:1010:28

⎯⎯⎯⎯⎯⎯⎯⎯⎯⎯⎯⎯⎯⎯⎯⎯⎯⎯⎯⎯⎯⎯⎯⎯[2/3]⎯

 FAIL  tests/lint/proseWiringCensus.walker.test.js > car 0 — the RATE corpus, its per-tier arm and the occurrence bound > ⭐ each per-tier silence is LAWFUL or MISSING-AT-TIER, and the second joins the tier table
AssertionError: MISSING-AT-TIER rows on a rung whose LAWFUL limb is unreachable: expected +0 to be 11 // Object.is equality

- Expected
+ Received

- 11
+ 0

 ❯ tests/lint/proseWiringCensus.walker.test.js:1549:98
    1547|     }
    1548|     const singlePool = missing.filter((r) => poolsPerRung.get(`${r.blo…
    1549|     expect(singlePool.length, 'MISSING-AT-TIER rows on a rung whose LA…
       |                                                                                                  ^
    1550|     expect(singlePool.filter((r) => !r.splitLadder).length,
    1551|       'of which this many are beyond the twelve already declared').toB…

⎯⎯⎯⎯⎯⎯⎯⎯⎯⎯⎯⎯⎯⎯⎯⎯⎯⎯⎯⎯⎯⎯⎯⎯[3/3]⎯


 Test Files  1 failed (1)
      Tests  3 failed | 54 passed (57)
   Start at  09:21:02
   Duration  5.67s (transform 1.43s, setup 31ms, import 3.52s, tests 1.76s, environment 0ms)

