WIRING CENSUS · ARCH car 0 · committed at docs/content/wiring-census.json
  pools 708 · blocks 68 · variants 2266
  RESOLVED 318 · WIRING-UNRESOLVED 390 · with a predicate 185 · clean 185
  key functions 118 (consulted 118) · key tables 29
  TIERS · MISSING 34 · THIN 483 · COVERED 225
  ── the car-0 columns ─────────────────────────────────────────────
  reads = tests on 708 of 708 rows · narrowed 0 · NARROWS refused 0
  absent · measured 563 · default 20 · not-produced 96 (over 679 read paths; the table rung's 78 rows carry the instrument's own label and no absence record)
  covert rows 4 · objectClass named on 99 of 708 · rows with a mount 566
  fact budget · k = 0 on 121 of 318 RESOLVED rows · 390 NOT-EXECUTABLE (UNRESOLVED)
  k histogram: k=-6 5 · k=-4 7 · k=-2 9 · k=-1 34 · k=0 66 · k=1 87 · k=2 110
  customReachable rows 22 over 8 kinds
    services 6 · resources 6 · institutions 5 · factions 3 · tradeGoods 2 · stressors 0 · deities 0 · traditions 0
  relation rows 165 · by source (a) 131 · (b) 28 · (c) 6
    by direction a->b 165
    THE JOIN: rows both of whose endpoints a desk reads — STRICT 0 (either endpoint 0) · by LEAF 0 (either 2) over 91 desk read roots
  ── attach coverage, the ten blocks with the most spines ──────────
    DS-GEN-3    spines    42 · facts     7 · spines reached 10000 bp · mean reach  7891 bp
    DS-STR-2    spines    22 · facts     3 · spines reached 10000 bp · mean reach  3333 bp
    DS-STR-1    spines    15 · facts     1 · spines reached     0 bp · mean reach     0 bp
    DS-ECO-11   spines    14 · facts     7 · spines reached 10000 bp · mean reach  7551 bp
    DS-CND-1    spines    12 · facts     8 · spines reached 10000 bp · mean reach  6875 bp
    DS-DEF-5    spines    11 · facts    10 · spines reached 10000 bp · mean reach  6000 bp
    DS-WAR-1    spines    11 · facts    14 · spines reached 10000 bp · mean reach  7208 bp
    DS-ECO-12   spines    10 · facts     9 · spines reached 10000 bp · mean reach  5778 bp
    DS-GEN-6    spines     9 · facts    10 · spines reached 10000 bp · mean reach  8111 bp
    DS-FTH-1    spines     8 · facts     6 · spines reached 10000 bp · mean reach  6250 bp
  modifier-eligible facts per tab: viability 39 · economics 38 · history 34 · plot_hooks 34 · relationships 34 · overview 26 · resources 12 · daily_life 12 · services 9 · power 6 · faith 6 · defense 5 · war 5
  ── mounts per fact, the twelve with the most spine mounts ────────
    readings                                       spine     4 · modifier     0
    readings.tradeRouteAccess                      spine     4 · modifier    16
    eco                                            spine     3 · modifier     0
    faith                                          spine     3 · modifier     0
    granary                                        spine     3 · modifier     0
    legitimacy                                     spine     3 · modifier     0
    foodBalance                                    spine     2 · modifier     0
    forces                                         spine     2 · modifier     0
    politics                                       spine     2 · modifier     0
    port                                           spine     2 · modifier     0
    power                                          spine     2 · modifier     0
    readings.isEntrepot                            spine     2 · modifier     6
  ── the RATE corpus ───────────────────────────────────────────────
    192 cells x 4 seeds = 768 towns · pools that fired 267
