PROSE MANIFEST DIFF · 2683 cells on the tip side
  REPLACED       cells       0 · towns     0
  RE-INDEXED     cells       0 · towns     0
  ADDITIVE       cells       0 · towns     0
  WORDING-ONLY   cells      40 · towns    20
  UNCHANGED      cells    2643 · towns    20
  ADDED          cells       0
  REMOVED        cells       0
  (of the UNCHANGED, cells whose audience-filtered INDEX moved with no reader-visible change: 0)
  ── WORDING-ONLY ──
    thorp|germanic|plains|road|civilized|golden-master-v3::dm::defense.wallRationale::0
    thorp|germanic|plains|road|civilized|golden-master-v3::player::defense.wallRationale::0
    thorp|germanic|hills|road|civilized|golden-master-v3::dm::defense.wallRationale::0
    thorp|germanic|hills|road|civilized|golden-master-v3::player::defense.wallRationale::0
    thorp|germanic|forest|isolated|civilized|golden-master-v3::dm::defense.wallRationale::0
    thorp|germanic|forest|isolated|civilized|golden-master-v3::player::defense.wallRationale::0
    thorp|germanic|riverside|river|civilized|golden-master-v3::dm::defense.wallRationale::0
    thorp|germanic|riverside|river|civilized|golden-master-v3::player::defense.wallRationale::0
    thorp|germanic|coastal|port|civilized|golden-master-v3::dm::defense.wallRationale::0
    thorp|germanic|coastal|port|civilized|golden-master-v3::player::defense.wallRationale::0
    … and 30 more
