PROSE MANIFEST DIFF · 61176 cells on the tip side
  REPLACED       cells       0 · towns     0
  RE-INDEXED     cells     492 · towns   246
  ADDITIVE       cells       0 · towns     0
  WORDING-ONLY   cells       0 · towns     0
  UNCHANGED      cells   60684 · towns   480
  ADDED          cells       0
  REMOVED        cells       0
  (of the UNCHANGED, cells whose audience-filtered INDEX moved with no reader-visible change: 0)
  ── RE-INDEXED ──
    thorp|germanic|plains|road|civilized|prose-1::dm::defense.wallRationale::0
    thorp|germanic|plains|road|civilized|prose-1::player::defense.wallRationale::0
    thorp|germanic|hills|road|civilized|prose-1::dm::defense.wallRationale::0
    thorp|germanic|hills|road|civilized|prose-1::player::defense.wallRationale::0
    thorp|germanic|forest|isolated|civilized|prose-1::dm::defense.wallRationale::0
    thorp|germanic|forest|isolated|civilized|prose-1::player::defense.wallRationale::0
    thorp|germanic|riverside|river|civilized|prose-1::dm::defense.wallRationale::0
    thorp|germanic|riverside|river|civilized|prose-1::player::defense.wallRationale::0
    thorp|germanic|coastal|port|civilized|prose-1::dm::defense.wallRationale::0
    thorp|germanic|coastal|port|civilized|prose-1::player::defense.wallRationale::0
    … and 482 more
