VARIETY CORPUS · 525 configurations x 8 seeds = 4200 towns x 2 audiences
  towns 4200 · cells 532689 · 74 s · 18 ms per town
  cells the rendered sentence did not identify 0 · identified ambiguously 0
  ── THE DUPLICATE-UNIT BASELINE ───────────────────────────────────
    unit instances 532689 · instances whose (position, text) pair is seen on more than one town 520632
    DUPLICATE-UNIT RATE 9774 bp at N = 4200 towns over 8 seeds and 525 configurations
    distinct (position, text) pairs 51396 · pairs seen on more than one town 39339
    the ten positions carrying the most unit instances:
      dm::viability.verdict::0                               units   4200 · duplicated   4200
      dm::viability.verdict::1                               units   4200 · duplicated   4200
      dm::daily_life.standingOfLiving|economics.economyTile: units   4200 · duplicated   4190
      dm::economics.commercialProfile::0                     units   4200 · duplicated   4164
      dm::economics.commercialProfile::1                     units   4200 · duplicated   4179
      dm::economics.exportPosture::0                         units   4200 · duplicated   4200
      dm::resources.groundAndWorkings::0                     units   4200 · duplicated   4200
      dm::resources.groundAndWorkings::1                     units   4200 · duplicated   4200
      dm::resources.groundAndWorkings::2                     units   4200 · duplicated   4200
      dm::services.catalogStanding::0                        units   4200 · duplicated   4176
  ── THE REPEAT CENSUS, per (position, pool) ───────────────────────
    groups 632 · EXECUTABLE 347 · NOT-EXECUTABLE 285 (fewer than 8 independent draws, or a one-variant pool)
    groups showing fewer than half the distinct texts the chance floor expects: 2
      dm::viability.verdict::1 @@ DS-GEN-11 :: criticalIssueCount: distinct 1 of 3 · expected 28829 bp · draws 8 · towns 540
      player::viability.verdict::1 @@ DS-GEN-11 :: criticalIssueCo distinct 1 of 3 · expected 28829 bp · draws 8 · towns 540
